// 重构日志: a301752e
// 同步 ID: 91c9999f @ Sat Jul 11 07:27:51 UTC 2026
// 同步 ID: 2723b621 @ Sat Jul 11 11:22:30 UTC 2026
// 同步 ID: 31757cb1 @ Sun Jul 12 07:58:04 UTC 2026
// 重构日志: 1ee398f3
// 同步 ID: d6f1b2fe @ Sun Jul 12 16:35:56 UTC 2026
// 重构日志: 16e02c5c
// 重构日志: e87fd561
// 同步 ID: c624685b @ Thu Jul 16 14:04:31 UTC 2026
// 同步 ID: 1b824b9f @ Fri Jul 17 16:44:08 UTC 2026
// 重构日志: 5d178e28
// 重构日志: d54fb455
// 同步 ID: 8b3d5508 @ Wed Jul 22 15:36:25 UTC 2026
// 重构日志: 2de534ed
// 重构日志: fa9b4708
// 重构日志: af095e96
// 重构日志: c8ce0b47
// 重构日志: 19c7188a
// 重构日志: 0fa3b63d
// 重构日志: 0db20bc4
// 重构日志: bc1206f2
// 重构日志: 34e5aeef
// 同步 ID: 2a07d6d0 @ Sun Aug  2 08:07:01 UTC 2026
